// Jest Snapshot v1, https://goo.gl/fbAQLP

exports[`getCowImage colors a cow template image 1`] = `"data:image/png;base64,iVBORw0KGgoAAAANSUhEUgAAADAAAAAwCAYAAABXAvmHAAACzElEQVR4Ae3B0XHbOBiF0e9q+Aq2xwqAB7Ae4AGsAO0BBfxLjMON4kiy5MjZ8azO4eXl5eXl5eXlf854Y3xDJ3a+JeObmvh6xq/E44xfiR/EGwPE44zPEW+M2wQY12niMcYZ3xLXbPPKDcbOt8RQXORc6Jlhm1fjAxP3MXa+JZ7Ft8RHfEts88otE7cZO98Sz+RbYptX/tWguMgQemabVw6+JbZ55QKxm7jOfEt8lm+JYZtXzvmW2OYVM+MgiWKRYZtXzIyDJHxLbPPKTrxz4jLzLfEMviV8Swy+JZ5t4icDBJhvib9BEofQM8VFBkkMZsZHTrwRb8y3xFfzLSGJg2+Jg2+JgyR8S9wy8ZMA4y/xLXGuuMjBt8S9TjxJcZE/FXrmUSeeJPTMf+HEDcVFhuIixUX+hG+JbV65JvTMZ5x4p7hIcZHiIofQM6FniosMxUWKiwzFRc4VF/mbJu5QXCT0zCH0zCH0zFBcJPRM6JmhuMgQemYoLrKxcsk2r1ziW2LY5pWduED8znZcE3qmuEjomeIiQ+iZc8VFQs8ciosMoWe2ecW3xLDNK4PVyiVaFs6ICybuEHpmKC5SXCT0THGRQ3GR0DPFRYbQM4fiIqFnhuIiNNjmlcFqZdCyMFitDFoWBquVQcvCNSfuUFykuMh7oWeG0DPFRQ7FRYqLFBe5xmrlXlYrO+OCiU8oLjIUFxmKi4SeKS4SemYoLhJ6prjIUFzkGquVc1Yr9zpxgyQk8ZHQM8VFQs8UFzkUFxmKixyKi7ynZeE9LQv3EL+zHYMkrFa0LAxmxrNIwmrloGXhnNXKQcvCTlwwcQerFS0LkjhnZjxKEoOZIYnBasVq5T0tCz+IK8TvbMcgiXNmhiR24o3xOAG2Y5DEDeIDEx8TYDsuEM8hwHYMktiJO5z45ibuJImvJolHTVwgia8miWeYuI/4euLl5eXl2/kHbOAnmhcGiqsAAAAASUVORK5CYII="`;
